// Jest Snapshot v1, https://goo.gl/fbAQLP

exports[`Main Heading renders correctly 1`] = `
<LazyHero
  color="#000"
  isCentered={true}
  isFixed={false}
  minHeight="100vh"
  opacity={0.6}
  parallaxOffset={0}
  transitionDuration={600}
  transitionTimingFunction="ease-in-out"
>
  <styled.div>
    <styled.h1
      data-cy="title"
    >
      Akil Darjean
    </styled.h1>
    <styled.h2
      data-cy="subtitle"
    >
      Software Developer
    </styled.h2>
  </styled.div>
</LazyHero>
`;
