// Jest Snapshot v1, https://goo.gl/fbAQLP

exports[`Section renders correctly 1`] = `
<LazyHero
  color="#fff"
  isCentered={true}
  isFixed={false}
  minHeight="100vh"
  opacity={0}
  parallaxOffset={0}
  transitionDuration={600}
  transitionTimingFunction="ease-in-out"
>
  <styled.div
    class="container"
  >
    <p>
      Hello, world!
    </p>
  </styled.div>
</LazyHero>
`;
